// Jest Snapshot v1, https://goo.gl/fbAQLP

exports[`ContactList Component match snapshot 1`] = `ShallowWrapper {}`;
