// Jest Snapshot v1, https://goo.gl/fbAQLP

exports[`Contact Component match snapshot 1`] = `ReactWrapper {}`;
