// Jest Snapshot v1, https://goo.gl/fbAQLP

exports[`Dialog Component match snapshot 1`] = `ReactWrapper {}`;
