// Jest Snapshot v1, https://goo.gl/fbAQLP

exports[`Form Component match snapshot 1`] = `ShallowWrapper {}`;
